14694dba605c78f3501da99fc66e5aa6ca4f88547281e51876b456060c27cac9,true,a600df84dfd7e988fcefc695c3cfd120a8d4017d0ec1e4f5e47cb3fb337ddce9,b318d415bb9174469ab996f05d2915de4257cb2bd6c4a21d60194a102f664fb0,f9222525ba3c5f4b23542a8e30cff796d9cbc90f4868815d8238f675aad32c31,true,41b1ce8e206fed5d16e2a8c5e8b9085cf1e225429bc751b0aae5b05255326cba,35da9d25e9efc5d9281fa4e2fbd8fbc906306d43535e4750f19af63bd7d2d947,20efed8d8e12c5ef340435b5c3e445a2b2d7381c2c4bb89f48e61fc42cd8cda9,true,bf2452b1d7e272c84089e403d448859e3c7cbeb0b52d5fa8a204c400efd9aea1,73d3f082b810a7154dd2cb27170ed0dcd95b0dbc26e0699799bf6cf9876e1c92,d180c7ed9a682621d561d0eca57ad1370302aa2c3fe267aee48dddd8e77b316e,false,7d5e909e8cb9bf35a5dcf73f8aaa79fecd73944c0052203986181a2cafa5dd91,4d52b3d0ac708f6c0eb1b4ed43d95baf4ddaf270975249c06355c8fed5a53ff1,cb81a3a8afa4c0a94473ccbe0b56d05c9b7ceec96e822b4d979a4cf1db81a363,false,a1c3d81bdef6cfeb6269f39f14337367859b6129371d96d1e9b9955ba3391f66,1d42854ac5823ff77e2a7c6cf7247c9f771a7ddc7b8257564d7fc469dbb9caa0,c6f438faacc51a73215c715d2b4318562016c8a3d59621bcdded93d9d38f556f,false,f00081914a95fd098c76e367051d540ee3318692fe434730b7681e6806ae0538,ec2b7d32b27ac462196706aad27016c0676bff0c60de4802a68ab24c42cbb1a8,c62fcae22d9bb26455b10fac98fca6644e3c4ec74eb786e23dbad7986690d8b2,true,a39ccfe89055d4ec0284de2fe5cf5e5978fb0b878b4a00b0ef5f10d54542c5c0,bc4604dfef0773613a5c70a332f58026235b6471c4580c9bdbe94b0cefaa297a,14e21ea1c3805263b3379fb851d71a865d9fc4e31b53004478ad15f5f4d09d9e,true,06f3f412d2dd2e394a578cd8ab4c7faee62ee57e0ce14465591eeea59f2f1ca8,f2ac2fe067fc7171b9110a23bf957a3971bbc93e33ed0031e5b8eeca6f129347,8914ca8e4dd329e1af0e9ecd594fa98649cebe13dabdd107f80b7b524b48b941,true,63a4621d43a1ea4afc355ae46219d79d1dcbda8f8b58237f7a3b2ffbc7902cd3,a6d3db382cefafdd62234980bd277de7f4440f1611cbb658bfe4f8ca9683f96e,f415446b4e64d492e2048bb9360094a84ec66eacdd212c3235a0c872c842aba0,true,d54284eba555850943da32c343e271bd87ff2184042e43f9ab716c380b1b4487,1fcfce3dd6dea4c1072f93996265df436071d5b4257964b09edb1468ba6995a9,a46a6c340f5f1625678600e2b4e26b1fe11a5ee77081b84ef913d1f64406ae5e,false,d66922ae1690de96a7e597b3ebbc1f4e23b835bd5813b5cc97a7d5d6271b4095,53c046268a048fef0ae7a62ee6f1eac2182d757f1eadc95f5e2f08c575da44a6,c36bfcecd6d9540def8eedbc2734a87594a3cab99f51d14282ba0b992ec09959,true,ad68e451bc8666f8dc5e7e35e1539b2b85c8398e7a93f0dc0880d0411834fb59,556383260a90eb9b90ac079264dfa84eb0267a9c98cde74065fa173d7ad81a10,b87c4755227e52c226c13df7fc5a6558901ad41ebdac90760b716f4cfbf5d08f,true,4f893eff07c2031255fa25a46367a6e4003054d9e0ff7f5997e0790079d4c5cb,1af1ce050d5f0d3df52b9793aa6cc2b112fdff86b8ba58fabacd616598d3e830,bdf0c4f801f3971add152cf01796af691c2daf3f3a5997a16369cecaf21f8b68,true,386ff892680b74f64c3ea12dd7be01edc2e97395511b4e0425e5660b0f663234,11ba8d899c11e9ac2ed5aa34b936909fe71be9143f27d29509213d0f933d2be0,c4830ff14a8e1aa6f7661ed4695d2c86e4cd7f8f9286a6f21b17ebc993b69cdd,false,aa7f2b8b093c0bd625a6a2c26f9a5094f3d3036fd01390d5b036a670d80a513c,849aaa7e447f4ce85a3efdf952fb620d62ff9f59c731c59fe4364637882da7b5,3c47878b290daf8f262f291e6ed4f9bb313b73c1ad8518b6a37094064304f652,true,ec31843f9bd0cb403122e2ae8fc285d2f88788c98c22207df78e62ed020520e7,2a5f16f30372a4913d6b72bc0c9ecf68d8e2c8d7be4873c2ac606130ee29eea1,62ac82923ce3cf0fbc79474a9983608a15f382c138f21b5357918c32ad07959f,true,1e2c6b32565e0ece14537d890ce74948075f7d4703dcb249f1c55883dee22ce1,10ad53c2f6c7343687e580c8891a7c4602a2257efb11fbf3eaf365ed6b05e29f,6983cdbcc282ec825855cbc1a92306b443abae979ba7989245b966195244158d,true,bfc7d49bd5aaff658a80b1be0a1ea9a8fbb38b8547b557db0fc04254f8942f37,d577d18543b6bacb3ad76515c8cc5d675f7ed588e4a39669e9f695e8d140fcae,ca8c3ee1bd5b6d169f4cafd63623c863dfc7e278d504ff14bea788b88d3ad040,true,f0d6b38a1ff73252270a291fe250ecb16ae990b5295fea9d8a58fdbf2b25598a,8badbc2b542c89040e4f4061d6e6976444adcf385b295fc630f4ef4c6cd587eb,6b94b60ebaba0464ddea35c5d4cffb7932a9ca4c074a88d203c472c14f781c9a,false,9d1b1831ee6aae1478e8b43a71009a3aecb7c7b71390deb3e0a34185b530cd38,2f12b1e91ad148055d7faee1e14bc445b6c09e15127e3ac527b8e06a97bdeb89,ca228cf6b0f88fce188ba878fb426d3f4fb4d302e6305e9a0d53fe19c06f83c8,true,3e9b593f79e064e48ef9de270f6b9b8027598ef6b66b401bdbac2ca3223b12e8,f692406f58e0a83c3c34f1c4159c16406f3d8b5f4bc7590717a1ed444c279f37,37bc27eb43dbef53e895bd6d02d2735e07777d5211ecf77f55c1a780763d5b41,false,c579f5b2a9657d8562cfa22cd8a9a996e0a29832fb6f939f2603799b5d7b9d05,60ea8c868fd250aaf370bd6eb943ae81c51b452f6d2bcf540490a941010b9e4b,a24b3578d6ac6840233fb47dbc150fbd4ea60ade7dadd0f844ef234feb2d0294,false,4060b3ddafce70b69c1f931ddc8da582622f570997d5b6265ded75fab4b1af54,f94f424812382eb2275311e10223f7f67608821e2ab4e2d897efd8e9bd41bfeb,899916162a50e8ce6abdeaea84ef01e789d2f443918f306a185c7e8b17cd9be0,false,cf52e31de75fa803d365f877cf0dba8285518ba532c788170b35618c68fa495f,a1e6c583e57656cbadadcf9d0d13f19ee342fb85dbc8eda6be039e41aa90d05d,7806b5c220f1892b33f101f111021299f1e914f9aeee346f36adef2825862e69,true,53cfdebe4a49fd3f130cbcf4fff0b1e01f50efc656081f4cfd3ecac433143ccc,12819fbd4a918609ea19bf6632f9fd8974d73cf4ff83ac01debea4f83284f8c6,a5481214eac16c3774f95b7f8cd6640a231bd51d245c5aa56c9482c81df8465c,false,232121eeef7f01fbdd86c981c1f2a48772d8d7d6b46970244049e12944020034,676ecd1496bd6424d3b183e7fa02c64d04f9face90b2b2f21c9b139b12f2933b,600c665dcaf12a82b89a29dcc3466f37a4ec1fd8b7e531663038168bfe1ed2bd,false,d34ecf2a47614c3f9eec04aa53b486c86b59dd9c6b3bd627961986962b3f3b8c,6310fd3468e8164fd02c8bf9ec45ed8b4e0770e8044b531ce1cf45c77f7ecec1,986459bf85454b92edb34df794aecf48cf2b4e0957b6d3863268a95ef45510f6,true,328e7a1aeda722ae02376b66eaaf53ff17bba55af05574508ac41ffbcc5158a2,58a76d8f7e00d24f64994302e009dbcc47faebaf4adbfb05d6b9f96fc791f279,e0e59ef38418e40c190ccd2cce5462fb0227eabe9d62c86d2103963e21c74abc,false,cc8e50dff1e136299284df13b8200d74f796ca829d6f09be9b3a3878d29c9230,288c8f62d3532bafe427b0f1519453c4ec34b7424e655eaa8cde48e40d690b66,7dd4b667b98254bed63d6a85bc0646eb3fbe6e117af160601a2eab25c7a58fc1,true,94b9d6afbc880bc1f5fd789b551bf83239b7584310a1b373d2870099df357736,1ea2f2bb4d2c6df8eaba2aaa713ca01ef85b377483de0a53dd6ece3b1cf04077,f41278c2f8f766dafb62e48ee68e28af9545bd063fe2d64cb44a006f360dc7a4,true,5ad7fc0efd47e28617bd055d22cb7cc306c090817be38c852b0ed9a731f7c262,bb57cb7d96590f95a040b2d1f35566232d3b9f9764076f6228f5439a47c3a263,019bb3c5f69e71e0b67e69a5d2e740acc66bb0810461042dd7a068a3acadbcdf,false,dc97b87369e0af2104fcabda887832345646b63662e147a63e4e54052e488875,2d077aafa79222459edc7481b90b4d1a1945f0f8803607358fdfddd4a2d2c68f,